// Jest Snapshot v1, https://goo.gl/fbAQLP

exports[`TechItem it should matches the snapshot with default values 1`] = `
.c0 {
  list-style: none;
  width: 100%;
  -webkit-break-inside: avoid;
  break-inside: avoid;
  overflow: hidden;
}

.c2 {
  max-height: 0px;
  overflow: hidden;
  background-color: #f3f3f3;
}

.c3 {
  padding: 8px;
  overflow: hidden;
}

.c1 {
  font-family: Roboto,san-serif;
  font-size: 1em;
  font-weight: 400;
  line-height: 1.65;
  display: block;
  cursor: pointer;
  -webkit-text-decoration: none;
  text-decoration: none;
  color: inherit;
  padding: 2px;
}

.c4 {
  -webkit-flex-direction: row;
  -ms-flex-direction: row;
  flex-direction: row;
  -webkit-align-items: center;
  -webkit-box-align: center;
  -ms-flex-align: center;
  align-items: center;
  margin-top: 8px;
  width: 100%;
  color: #526de4;
  display: -webkit-box;
  display: -webkit-flex;
  display: -ms-flexbox;
  display: flex;
  font-weight: 400;
  font-size: 0.9em;
  -webkit-text-decoration: none;
  text-decoration: none;
}

.c5 {
  height: 2em;
  width: 2em;
}

@media (min-width:481px) {
  .c0 {
    min-width: 9em;
  }
}

<div>
  <li
    class="c0"
    data-testid="list-item-Babel"
  >
    <div
      class="c1"
      data-testid="label"
    >
      Babel
    </div>
    <div
      class="c2"
      data-testid="details"
    >
      <div
        class="c3"
      >
        <span>
          This is the description. You can use basic html such as the 
          <strong>
            strong tag to emphasise keywords and phrases
          </strong>
           and insert
        </span>
        <a
          class="c4"
          href="/tools/babel"
        >
          More 
          <svg
            class="c5"
            data-testid="arrow-right-icon"
            fill="currentColor"
            height="1em"
            stroke="currentColor"
            stroke-width="0"
            viewBox="0 0 512 512"
            width="1em"
            xmlns="http://www.w3.org/2000/svg"
          >
            <path
              d="M295.6 163.7c-5.1 5-5.1 13.3-.1 18.4l60.8 60.9H124.9c-7.1 0-12.9 5.8-12.9 13s5.8 13 12.9 13h231.3l-60.8 60.9c-5 5.1-4.9 13.3.1 18.4 5.1 5 13.2 5 18.3-.1l82.4-83c1.1-1.2 2-2.5 2.7-4.1.7-1.6 1-3.3 1-5 0-3.4-1.3-6.6-3.7-9.1l-82.4-83c-4.9-5.2-13.1-5.3-18.2-.3z"
            />
          </svg>
        </a>
      </div>
    </div>
  </li>
</div>
`;
