// Jest Snapshot v1, https://goo.gl/fbAQLP

exports[`TechLists it should matches the snapshot with default values 1`] = `
.c4 {
  list-style: none;
  width: 100%;
  -webkit-break-inside: avoid;
  break-inside: avoid;
  overflow: hidden;
}

.c6 {
  max-height: 0px;
  -webkit-transition: max-height 0.2s ease-in-out;
  transition: max-height 0.2s ease-in-out;
  overflow: hidden;
}

.c7 {
  padding: 8px 0px;
  overflow: hidden;
}

.c5 {
  font-family: Roboto,san-serif;
  font-size: 1em;
  font-weight: 400;
  line-height: 1.65;
  cursor: pointer;
  padding: 0px 4px;
  border: 1px solid white;
}

.c8 {
  display: inline-block;
  font-weight: 400;
  -webkit-text-decoration: none;
  text-decoration: none;
  margin-top: 8px;
  width: 100%;
  color: #526de4;
}

.c0 {
  width: 100%;
  display: -webkit-box;
  display: -webkit-flex;
  display: -ms-flexbox;
  display: flex;
  -webkit-flex-wrap: wrap;
  -ms-flex-wrap: wrap;
  flex-wrap: wrap;
}

.c1 {
  margin-bottom: 32px;
  width: 50%;
  min-width: 12rem;
  -webkit-break-inside: avoid;
  break-inside: avoid;
}

.c2 {
  font-family: Montserrat,san-serif;
  font-weight: 600;
  line-height: 1.15;
  font-size: 1;
  margin: 0;
  margin-bottom: 8px;
}

.c3 {
  padding-left: 0;
  margin: 0;
}

@media (min-width:481px) {
  .c4 {
    min-width: 9em;
  }
}

@media (min-width:481px) {
  .c2 {
    font-size: 1.5;
  }
}

<div>
  <div
    class="c0"
  >
    <div
      class="c1"
    >
      <h3
        class="c2"
      >
        Adopt
      </h3>
      <ul
        class="c3"
      >
        <li
          class="c4"
        >
          <div
            class="c5"
            data-testid="label"
          >
            Babel
          </div>
          <div
            class="c6"
            data-testid="details"
          >
            <div
              class="c7"
            >
              <span>
                This is the description. You can use basic html such as the 
                <strong>
                  strong tag to emphasise keywords and phrases
                </strong>
                 and insert
              </span>
              <a
                class="c8"
                href="/tools/babel"
              >
                Details &gt;
              </a>
            </div>
          </div>
        </li>
        <li
          class="c4"
        >
          <div
            class="c5"
            data-testid="label"
          >
            Spark
          </div>
          <div
            class="c6"
            data-testid="details"
          >
            <div
              class="c7"
            >
              <span>
                This is the description. You can use basic html such as the 
                <strong>
                  strong tag to emphasise keywords and phrases
                </strong>
                 and insert
              </span>
              <a
                class="c8"
                href="/tools/spark"
              >
                Details &gt;
              </a>
            </div>
          </div>
        </li>
      </ul>
    </div>
    <div
      class="c1"
    >
      <h3
        class="c2"
      >
        Assess
      </h3>
      <ul
        class="c3"
      >
        <li
          class="c4"
        >
          <div
            class="c5"
            data-testid="label"
          >
            Electron
          </div>
          <div
            class="c6"
            data-testid="details"
          >
            <div
              class="c7"
            >
              <span>
                This is the description. You can use basic html such as the 
                <strong>
                  strong tag to emphasise keywords and phrases
                </strong>
                 and insert 
                <a
                  href="https://www.thoughtworks.com"
                >
                  anchor links to documentation and referance material
                </a>
                .
              </span>
              <a
                class="c8"
                href="/tools/electron"
              >
                Details &gt;
              </a>
            </div>
          </div>
        </li>
      </ul>
    </div>
  </div>
</div>
`;
